./gradlew : e: file:///C:/
e: file:///C:/Users/jonat/
e: file:///C:/Users/jonat/
e: file:///C:/Users/jonat/
e: file:///C:/Users/jonat/
e: file:///C:/Users/jonat/
e: file:///C:/Users/jonat/
e: file:///C:/Users/jonat/
e: file:///C:/Users/jonat/
e: file:///C:/Users/jonat/
e: file:///C:/Users/jonat/
e: file:///C:/Users/jonat/
e: file:///C:/Users/jonat/
e: file:///C:/Users/jonat/
e: file:///C:/Users/jonat/
e: file:///C:/Users/jonat/
e: file:///C:/Users/jonat/
e: file:///C:/Users/jonat/
e: file:///C:/Users/jonat/
e: file:///C:/Users/jonat/
e: file:///C:/Users/jonat/
crossinline contentType: 
crossinline contentType: 
e: file:///C:/Users/jonat/
e: file:///C:/Users/jonat/
e: file:///C:/Users/jonat/
e: file:///C:/Users/jonat/
e: file:///C:/Users/jonat/
e: file:///C:/Users/jonat/
e: file:///C:/Users/jonat/
e: file:///C:/Users/jonat/
e: file:///C:/Users/jonat/
e: file:///C:/Users/jonat/
e: file:///C:/Users/jonat/
e: file:///C:/Users/jonat/
e: file:///C:/Users/jonat/
e: file:///C:/Users/jonat/
e: file:///C:/Users/jonat/
e: file:///C:/Users/jonat/
e: file:///C:/Users/jonat/
e: file:///C:/Users/jonat/
e: file:///C:/Users/jonat/
e: file:///C:/Users/jonat/
e: file:///C:/Users/jonat/
e: file:///C:/Users/jonat/
e: file:///C:/Users/jonat/
e: file:///C:/Users/jonat/
e: file:///C:/Users/jonat/
e: file:///C:/Users/jonat/
e: file:///C:/Users/jonat/
e: file:///C:/Users/jonat/
